14:17:41 **** Build of project adc_dma_cpu1_bsp ****
make -k all 
Running Make include in ps7_cortexa9_1/libsrc/dmaps_v2_3/src
make -C ps7_cortexa9_1/libsrc/dmaps_v2_3/src -s include  "SHELL=/bin/sh" "COMPILER=arm-none-eabi-gcc" "ARCHIVER=arm-none-eabi-ar" "COMPILER_FLAGS=  -O2 -c" "EXTRA_COMPILER_FLAGS=-mcpu=cortex-a9 -mfpu=vfpv3 -mfloat-abi=hard -nostartfiles -g -Wall -Wextra -DUSE_AMP=1"
Running Make include in ps7_cortexa9_1/libsrc/ddrps_v1_0/src
make -C ps7_cortexa9_1/libsrc/ddrps_v1_0/src -s include  "SHELL=/bin/sh" "COMPILER=arm-none-eabi-gcc" "ARCHIVER=arm-none-eabi-ar" "COMPILER_FLAGS=  -O2 -c" "EXTRA_COMPILER_FLAGS=-mcpu=cortex-a9 -mfpu=vfpv3 -mfloat-abi=hard -nostartfiles -g -Wall -Wextra -DUSE_AMP=1"
Running Make include in ps7_cortexa9_1/libsrc/qspips_v3_4/src
make -C ps7_cortexa9_1/libsrc/qspips_v3_4/src -s include  "SHELL=/bin/sh" "COMPILER=arm-none-eabi-gcc" "ARCHIVER=arm-none-eabi-ar" "COMPILER_FLAGS=  -O2 -c" "EXTRA_COMPILER_FLAGS=-mcpu=cortex-a9 -mfpu=vfpv3 -mfloat-abi=hard -nostartfiles -g -Wall -Wextra -DUSE_AMP=1"
Running Make include in ps7_cortexa9_1/libsrc/standalone_v6_7/src
make -C ps7_cortexa9_1/libsrc/standalone_v6_7/src -s include  "SHELL=/bin/sh" "COMPILER=arm-none-eabi-gcc" "ARCHIVER=arm-none-eabi-ar" "COMPILER_FLAGS=  -O2 -c" "EXTRA_COMPILER_FLAGS=-mcpu=cortex-a9 -mfpu=vfpv3 -mfloat-abi=hard -nostartfiles -g -Wall -Wextra -DUSE_AMP=1"
Running Make include in ps7_cortexa9_1/libsrc/gpiops_v3_3/src
make -C ps7_cortexa9_1/libsrc/gpiops_v3_3/src -s include  "SHELL=/bin/sh" "COMPILER=arm-none-eabi-gcc" "ARCHIVER=arm-none-eabi-ar" "COMPILER_FLAGS=  -O2 -c" "EXTRA_COMPILER_FLAGS=-mcpu=cortex-a9 -mfpu=vfpv3 -mfloat-abi=hard -nostartfiles -g -Wall -Wextra -DUSE_AMP=1"
Running Make include in ps7_cortexa9_1/libsrc/emacps_v3_7/src
make -C ps7_cortexa9_1/libsrc/emacps_v3_7/src -s include  "SHELL=/bin/sh" "COMPILER=arm-none-eabi-gcc" "ARCHIVER=arm-none-eabi-ar" "COMPILER_FLAGS=  -O2 -c" "EXTRA_COMPILER_FLAGS=-mcpu=cortex-a9 -mfpu=vfpv3 -mfloat-abi=hard -nostartfiles -g -Wall -Wextra -DUSE_AMP=1"
Running Make include in ps7_cortexa9_1/libsrc/devcfg_v3_5/src
make -C ps7_cortexa9_1/libsrc/devcfg_v3_5/src -s include  "SHELL=/bin/sh" "COMPILER=arm-none-eabi-gcc" "ARCHIVER=arm-none-eabi-ar" "COMPILER_FLAGS=  -O2 -c" "EXTRA_COMPILER_FLAGS=-mcpu=cortex-a9 -mfpu=vfpv3 -mfloat-abi=hard -nostartfiles -g -Wall -Wextra -DUSE_AMP=1"
Running Make include in ps7_cortexa9_1/libsrc/scugic_v3_9/src
make -C ps7_cortexa9_1/libsrc/scugic_v3_9/src -s include  "SHELL=/bin/sh" "COMPILER=arm-none-eabi-gcc" "ARCHIVER=arm-none-eabi-ar" "COMPILER_FLAGS=  -O2 -c" "EXTRA_COMPILER_FLAGS=-mcpu=cortex-a9 -mfpu=vfpv3 -mfloat-abi=hard -nostartfiles -g -Wall -Wextra -DUSE_AMP=1"
Running Make include in ps7_cortexa9_1/libsrc/uartps_v3_6/src
make -C ps7_cortexa9_1/libsrc/uartps_v3_6/src -s include  "SHELL=/bin/sh" "COMPILER=arm-none-eabi-gcc" "ARCHIVER=arm-none-eabi-ar" "COMPILER_FLAGS=  -O2 -c" "EXTRA_COMPILER_FLAGS=-mcpu=cortex-a9 -mfpu=vfpv3 -mfloat-abi=hard -nostartfiles -g -Wall -Wextra -DUSE_AMP=1"
Running Make include in ps7_cortexa9_1/libsrc/xadcps_v2_2/src
make -C ps7_cortexa9_1/libsrc/xadcps_v2_2/src -s include  "SHELL=/bin/sh" "COMPILER=arm-none-eabi-gcc" "ARCHIVER=arm-none-eabi-ar" "COMPILER_FLAGS=  -O2 -c" "EXTRA_COMPILER_FLAGS=-mcpu=cortex-a9 -mfpu=vfpv3 -mfloat-abi=hard -nostartfiles -g -Wall -Wextra -DUSE_AMP=1"
Running Make include in ps7_cortexa9_1/libsrc/spi_v4_4/src
make -C ps7_cortexa9_1/libsrc/spi_v4_4/src -s include  "SHELL=/bin/sh" "COMPILER=arm-none-eabi-gcc" "ARCHIVER=arm-none-eabi-ar" "COMPILER_FLAGS=  -O2 -c" "EXTRA_COMPILER_FLAGS=-mcpu=cortex-a9 -mfpu=vfpv3 -mfloat-abi=hard -nostartfiles -g -Wall -Wextra -DUSE_AMP=1"
Running Make include in ps7_cortexa9_1/libsrc/cpu_cortexa9_v2_6/src
make -C ps7_cortexa9_1/libsrc/cpu_cortexa9_v2_6/src -s include  "SHELL=/bin/sh" "COMPILER=arm-none-eabi-gcc" "ARCHIVER=arm-none-eabi-ar" "COMPILER_FLAGS=  -O2 -c" "EXTRA_COMPILER_FLAGS=-mcpu=cortex-a9 -mfpu=vfpv3 -mfloat-abi=hard -nostartfiles -g -Wall -Wextra -DUSE_AMP=1"
Running Make include in ps7_cortexa9_1/libsrc/gpio_v4_3/src
make -C ps7_cortexa9_1/libsrc/gpio_v4_3/src -s include  "SHELL=/bin/sh" "COMPILER=arm-none-eabi-gcc" "ARCHIVER=arm-none-eabi-ar" "COMPILER_FLAGS=  -O2 -c" "EXTRA_COMPILER_FLAGS=-mcpu=cortex-a9 -mfpu=vfpv3 -mfloat-abi=hard -nostartfiles -g -Wall -Wextra -DUSE_AMP=1"
Running Make include in ps7_cortexa9_1/libsrc/scuwdt_v2_1/src
make -C ps7_cortexa9_1/libsrc/scuwdt_v2_1/src -s include  "SHELL=/bin/sh" "COMPILER=arm-none-eabi-gcc" "ARCHIVER=arm-none-eabi-ar" "COMPILER_FLAGS=  -O2 -c" "EXTRA_COMPILER_FLAGS=-mcpu=cortex-a9 -mfpu=vfpv3 -mfloat-abi=hard -nostartfiles -g -Wall -Wextra -DUSE_AMP=1"
Running Make include in ps7_cortexa9_1/libsrc/ttcps_v3_6/src
make -C ps7_cortexa9_1/libsrc/ttcps_v3_6/src -s include  "SHELL=/bin/sh" "COMPILER=arm-none-eabi-gcc" "ARCHIVER=arm-none-eabi-ar" "COMPILER_FLAGS=  -O2 -c" "EXTRA_COMPILER_FLAGS=-mcpu=cortex-a9 -mfpu=vfpv3 -mfloat-abi=hard -nostartfiles -g -Wall -Wextra -DUSE_AMP=1"
Running Make include in ps7_cortexa9_1/libsrc/sdps_v3_5/src
make -C ps7_cortexa9_1/libsrc/sdps_v3_5/src -s include  "SHELL=/bin/sh" "COMPILER=arm-none-eabi-gcc" "ARCHIVER=arm-none-eabi-ar" "COMPILER_FLAGS=  -O2 -c" "EXTRA_COMPILER_FLAGS=-mcpu=cortex-a9 -mfpu=vfpv3 -mfloat-abi=hard -nostartfiles -g -Wall -Wextra -DUSE_AMP=1"
Running Make include in ps7_cortexa9_1/libsrc/usbps_v2_4/src
make -C ps7_cortexa9_1/libsrc/usbps_v2_4/src -s include  "SHELL=/bin/sh" "COMPILER=arm-none-eabi-gcc" "ARCHIVER=arm-none-eabi-ar" "COMPILER_FLAGS=  -O2 -c" "EXTRA_COMPILER_FLAGS=-mcpu=cortex-a9 -mfpu=vfpv3 -mfloat-abi=hard -nostartfiles -g -Wall -Wextra -DUSE_AMP=1"
Running Make include in ps7_cortexa9_1/libsrc/coresightps_dcc_v1_4/src
make -C ps7_cortexa9_1/libsrc/coresightps_dcc_v1_4/src -s include  "SHELL=/bin/sh" "COMPILER=arm-none-eabi-gcc" "ARCHIVER=arm-none-eabi-ar" "COMPILER_FLAGS=  -O2 -c" "EXTRA_COMPILER_FLAGS=-mcpu=cortex-a9 -mfpu=vfpv3 -mfloat-abi=hard -nostartfiles -g -Wall -Wextra -DUSE_AMP=1"
Running Make include in ps7_cortexa9_1/libsrc/scutimer_v2_1/src
make -C ps7_cortexa9_1/libsrc/scutimer_v2_1/src -s include  "SHELL=/bin/sh" "COMPILER=arm-none-eabi-gcc" "ARCHIVER=arm-none-eabi-ar" "COMPILER_FLAGS=  -O2 -c" "EXTRA_COMPILER_FLAGS=-mcpu=cortex-a9 -mfpu=vfpv3 -mfloat-abi=hard -nostartfiles -g -Wall -Wextra -DUSE_AMP=1"
Running Make libs in ps7_cortexa9_1/libsrc/dmaps_v2_3/src
make -C ps7_cortexa9_1/libsrc/dmaps_v2_3/src -s libs  "SHELL=/bin/sh" "COMPILER=arm-none-eabi-gcc" "ARCHIVER=arm-none-eabi-ar" "COMPILER_FLAGS=  -O2 -c" "EXTRA_COMPILER_FLAGS=-mcpu=cortex-a9 -mfpu=vfpv3 -mfloat-abi=hard -nostartfiles -g -Wall -Wextra -DUSE_AMP=1"
Compiling dmaps
Running Make libs in ps7_cortexa9_1/libsrc/ddrps_v1_0/src
make -C ps7_cortexa9_1/libsrc/ddrps_v1_0/src -s libs  "SHELL=/bin/sh" "COMPILER=arm-none-eabi-gcc" "ARCHIVER=arm-none-eabi-ar" "COMPILER_FLAGS=  -O2 -c" "EXTRA_COMPILER_FLAGS=-mcpu=cortex-a9 -mfpu=vfpv3 -mfloat-abi=hard -nostartfiles -g -Wall -Wextra -DUSE_AMP=1"
Compiling ddrps
Running Make libs in ps7_cortexa9_1/libsrc/qspips_v3_4/src
make -C ps7_cortexa9_1/libsrc/qspips_v3_4/src -s libs  "SHELL=/bin/sh" "COMPILER=arm-none-eabi-gcc" "ARCHIVER=arm-none-eabi-ar" "COMPILER_FLAGS=  -O2 -c" "EXTRA_COMPILER_FLAGS=-mcpu=cortex-a9 -mfpu=vfpv3 -mfloat-abi=hard -nostartfiles -g -Wall -Wextra -DUSE_AMP=1"
Compiling qspips
Running Make libs in ps7_cortexa9_1/libsrc/standalone_v6_7/src
make -C ps7_cortexa9_1/libsrc/standalone_v6_7/src -s libs  "SHELL=/bin/sh" "COMPILER=arm-none-eabi-gcc" "ARCHIVER=arm-none-eabi-ar" "COMPILER_FLAGS=  -O2 -c" "EXTRA_COMPILER_FLAGS=-mcpu=cortex-a9 -mfpu=vfpv3 -mfloat-abi=hard -nostartfiles -g -Wall -Wextra -DUSE_AMP=1"
Compiling standalone
xil_cache.c: In function 'Xil_DCacheInvalidateRange':
xil_cache.c:340:16: warning: unused variable 'L2CCOffset' [-Wunused-variable]
  volatile u32 *L2CCOffset = (volatile u32 *)(XPS_L2CC_BASEADDR +
                ^~~~~~~~~~
xil_cache.c: In function 'Xil_DCacheFlushRange':
xil_cache.c:485:16: warning: unused variable 'L2CCOffset' [-Wunused-variable]
  volatile u32 *L2CCOffset = (volatile u32 *)(XPS_L2CC_BASEADDR +
                ^~~~~~~~~~
xil_cache.c: In function 'Xil_ICacheInvalidateRange':
xil_cache.c:658:16: warning: unused variable 'L2CCOffset' [-Wunused-variable]
  volatile u32 *L2CCOffset = (volatile u32 *)(XPS_L2CC_BASEADDR +
                ^~~~~~~~~~
Running Make libs in ps7_cortexa9_1/libsrc/gpiops_v3_3/src
make -C ps7_cortexa9_1/libsrc/gpiops_v3_3/src -s libs  "SHELL=/bin/sh" "COMPILER=arm-none-eabi-gcc" "ARCHIVER=arm-none-eabi-ar" "COMPILER_FLAGS=  -O2 -c" "EXTRA_COMPILER_FLAGS=-mcpu=cortex-a9 -mfpu=vfpv3 -mfloat-abi=hard -nostartfiles -g -Wall -Wextra -DUSE_AMP=1"
Compiling gpiops
Running Make libs in ps7_cortexa9_1/libsrc/emacps_v3_7/src
make -C ps7_cortexa9_1/libsrc/emacps_v3_7/src -s libs  "SHELL=/bin/sh" "COMPILER=arm-none-eabi-gcc" "ARCHIVER=arm-none-eabi-ar" "COMPILER_FLAGS=  -O2 -c" "EXTRA_COMPILER_FLAGS=-mcpu=cortex-a9 -mfpu=vfpv3 -mfloat-abi=hard -nostartfiles -g -Wall -Wextra -DUSE_AMP=1"
Compiling emacps
Running Make libs in ps7_cortexa9_1/libsrc/devcfg_v3_5/src
make -C ps7_cortexa9_1/libsrc/devcfg_v3_5/src -s libs  "SHELL=/bin/sh" "COMPILER=arm-none-eabi-gcc" "ARCHIVER=arm-none-eabi-ar" "COMPILER_FLAGS=  -O2 -c" "EXTRA_COMPILER_FLAGS=-mcpu=cortex-a9 -mfpu=vfpv3 -mfloat-abi=hard -nostartfiles -g -Wall -Wextra -DUSE_AMP=1"
Compiling devcfg
Running Make libs in ps7_cortexa9_1/libsrc/scugic_v3_9/src
make -C ps7_cortexa9_1/libsrc/scugic_v3_9/src -s libs  "SHELL=/bin/sh" "COMPILER=arm-none-eabi-gcc" "ARCHIVER=arm-none-eabi-ar" "COMPILER_FLAGS=  -O2 -c" "EXTRA_COMPILER_FLAGS=-mcpu=cortex-a9 -mfpu=vfpv3 -mfloat-abi=hard -nostartfiles -g -Wall -Wextra -DUSE_AMP=1"
Compiling scugic
xscugic.c: In function 'DistributorInit':
xscugic.c:259:2: warning: #warning "Building GIC for AMP" [-Wcpp]
 #warning "Building GIC for AMP"
  ^~~~~~~
xscugic_hw.c: In function 'DistInit':
xscugic_hw.c:126:3: warning: #warning "Building GIC for AMP" [-Wcpp]
  #warning "Building GIC for AMP"
   ^~~~~~~
Running Make libs in ps7_cortexa9_1/libsrc/uartps_v3_6/src
make -C ps7_cortexa9_1/libsrc/uartps_v3_6/src -s libs  "SHELL=/bin/sh" "COMPILER=arm-none-eabi-gcc" "ARCHIVER=arm-none-eabi-ar" "COMPILER_FLAGS=  -O2 -c" "EXTRA_COMPILER_FLAGS=-mcpu=cortex-a9 -mfpu=vfpv3 -mfloat-abi=hard -nostartfiles -g -Wall -Wextra -DUSE_AMP=1"
Compiling uartps
Running Make libs in ps7_cortexa9_1/libsrc/xadcps_v2_2/src
make -C ps7_cortexa9_1/libsrc/xadcps_v2_2/src -s libs  "SHELL=/bin/sh" "COMPILER=arm-none-eabi-gcc" "ARCHIVER=arm-none-eabi-ar" "COMPILER_FLAGS=  -O2 -c" "EXTRA_COMPILER_FLAGS=-mcpu=cortex-a9 -mfpu=vfpv3 -mfloat-abi=hard -nostartfiles -g -Wall -Wextra -DUSE_AMP=1"
Compiling xadcps
Running Make libs in ps7_cortexa9_1/libsrc/spi_v4_4/src
make -C ps7_cortexa9_1/libsrc/spi_v4_4/src -s libs  "SHELL=/bin/sh" "COMPILER=arm-none-eabi-gcc" "ARCHIVER=arm-none-eabi-ar" "COMPILER_FLAGS=  -O2 -c" "EXTRA_COMPILER_FLAGS=-mcpu=cortex-a9 -mfpu=vfpv3 -mfloat-abi=hard -nostartfiles -g -Wall -Wextra -DUSE_AMP=1"
Compiling spi
Running Make libs in ps7_cortexa9_1/libsrc/cpu_cortexa9_v2_6/src
make -C ps7_cortexa9_1/libsrc/cpu_cortexa9_v2_6/src -s libs  "SHELL=/bin/sh" "COMPILER=arm-none-eabi-gcc" "ARCHIVER=arm-none-eabi-ar" "COMPILER_FLAGS=  -O2 -c" "EXTRA_COMPILER_FLAGS=-mcpu=cortex-a9 -mfpu=vfpv3 -mfloat-abi=hard -nostartfiles -g -Wall -Wextra -DUSE_AMP=1"
Compiling cpu_cortexa9
Running Make libs in ps7_cortexa9_1/libsrc/gpio_v4_3/src
make -C ps7_cortexa9_1/libsrc/gpio_v4_3/src -s libs  "SHELL=/bin/sh" "COMPILER=arm-none-eabi-gcc" "ARCHIVER=arm-none-eabi-ar" "COMPILER_FLAGS=  -O2 -c" "EXTRA_COMPILER_FLAGS=-mcpu=cortex-a9 -mfpu=vfpv3 -mfloat-abi=hard -nostartfiles -g -Wall -Wextra -DUSE_AMP=1"
Compiling gpio
Running Make libs in ps7_cortexa9_1/libsrc/scuwdt_v2_1/src
make -C ps7_cortexa9_1/libsrc/scuwdt_v2_1/src -s libs  "SHELL=/bin/sh" "COMPILER=arm-none-eabi-gcc" "ARCHIVER=arm-none-eabi-ar" "COMPILER_FLAGS=  -O2 -c" "EXTRA_COMPILER_FLAGS=-mcpu=cortex-a9 -mfpu=vfpv3 -mfloat-abi=hard -nostartfiles -g -Wall -Wextra -DUSE_AMP=1"
Compiling scuwdt
Running Make libs in ps7_cortexa9_1/libsrc/ttcps_v3_6/src
make -C ps7_cortexa9_1/libsrc/ttcps_v3_6/src -s libs  "SHELL=/bin/sh" "COMPILER=arm-none-eabi-gcc" "ARCHIVER=arm-none-eabi-ar" "COMPILER_FLAGS=  -O2 -c" "EXTRA_COMPILER_FLAGS=-mcpu=cortex-a9 -mfpu=vfpv3 -mfloat-abi=hard -nostartfiles -g -Wall -Wextra -DUSE_AMP=1"
Compiling ttcps
Running Make libs in ps7_cortexa9_1/libsrc/sdps_v3_5/src
make -C ps7_cortexa9_1/libsrc/sdps_v3_5/src -s libs  "SHELL=/bin/sh" "COMPILER=arm-none-eabi-gcc" "ARCHIVER=arm-none-eabi-ar" "COMPILER_FLAGS=  -O2 -c" "EXTRA_COMPILER_FLAGS=-mcpu=cortex-a9 -mfpu=vfpv3 -mfloat-abi=hard -nostartfiles -g -Wall -Wextra -DUSE_AMP=1"
Compiling sdps
Running Make libs in ps7_cortexa9_1/libsrc/usbps_v2_4/src
make -C ps7_cortexa9_1/libsrc/usbps_v2_4/src -s libs  "SHELL=/bin/sh" "COMPILER=arm-none-eabi-gcc" "ARCHIVER=arm-none-eabi-ar" "COMPILER_FLAGS=  -O2 -c" "EXTRA_COMPILER_FLAGS=-mcpu=cortex-a9 -mfpu=vfpv3 -mfloat-abi=hard -nostartfiles -g -Wall -Wextra -DUSE_AMP=1"
Compiling usbps
Running Make libs in ps7_cortexa9_1/libsrc/coresightps_dcc_v1_4/src
make -C ps7_cortexa9_1/libsrc/coresightps_dcc_v1_4/src -s libs  "SHELL=/bin/sh" "COMPILER=arm-none-eabi-gcc" "ARCHIVER=arm-none-eabi-ar" "COMPILER_FLAGS=  -O2 -c" "EXTRA_COMPILER_FLAGS=-mcpu=cortex-a9 -mfpu=vfpv3 -mfloat-abi=hard -nostartfiles -g -Wall -Wextra -DUSE_AMP=1"
Compiling coresightps_dcc
Running Make libs in ps7_cortexa9_1/libsrc/scutimer_v2_1/src
make -C ps7_cortexa9_1/libsrc/scutimer_v2_1/src -s libs  "SHELL=/bin/sh" "COMPILER=arm-none-eabi-gcc" "ARCHIVER=arm-none-eabi-ar" "COMPILER_FLAGS=  -O2 -c" "EXTRA_COMPILER_FLAGS=-mcpu=cortex-a9 -mfpu=vfpv3 -mfloat-abi=hard -nostartfiles -g -Wall -Wextra -DUSE_AMP=1"
Compiling scutimer
Finished building libraries
14:17:59 **** Incremental Build of configuration Debug for project adc_dma_cpu1 ****
make pre-build main-build 
a9-linaro-pre-build-step
 
Building file: ../src/dmac.c
Invoking: ARM v7 gcc compiler
arm-none-eabi-gcc -Wall -O0 -g3 -c -fmessage-length=0 -MT"src/dmac.o" -mcpu=cortex-a9 -mfpu=vfpv3 -mfloat-abi=hard -I../../adc_dma_cpu1_bsp/ps7_cortexa9_1/include -MMD -MP -MF"src/dmac.d" -MT"src/dmac.o" -o "src/dmac.o" "../src/dmac.c"
Finished building: ../src/dmac.c
 
Building file: ../src/helloworld.c
Invoking: ARM v7 gcc compiler
arm-none-eabi-gcc -Wall -O0 -g3 -c -fmessage-length=0 -MT"src/helloworld.o" -mcpu=cortex-a9 -mfpu=vfpv3 -mfloat-abi=hard -I../../adc_dma_cpu1_bsp/ps7_cortexa9_1/include -MMD -MP -MF"src/helloworld.d" -MT"src/helloworld.o" -o "src/helloworld.o" "../src/helloworld.c"
Finished building: ../src/helloworld.c
 
Building file: ../src/platform.c
Invoking: ARM v7 gcc compiler
arm-none-eabi-gcc -Wall -O0 -g3 -c -fmessage-length=0 -MT"src/platform.o" -mcpu=cortex-a9 -mfpu=vfpv3 -mfloat-abi=hard -I../../adc_dma_cpu1_bsp/ps7_cortexa9_1/include -MMD -MP -MF"src/platform.d" -MT"src/platform.o" -o "src/platform.o" "../src/platform.c"
Finished building: ../src/platform.c
 
Building target: adc_dma_cpu1.elf
Invoking: ARM v7 gcc linker
arm-none-eabi-gcc -mcpu=cortex-a9 -mfpu=vfpv3 -mfloat-abi=hard -Wl,-build-id=none -specs=Xilinx.spec -Wl,-T -Wl,../src/lscript.ld -L../../adc_dma_cpu1_bsp/ps7_cortexa9_1/lib -o "adc_dma_cpu1.elf"  ./src/dmac.o ./src/helloworld.o ./src/platform.o   -Wl,--start-group,-lxil,-lgcc,-lc,--end-group
Finished building target: adc_dma_cpu1.elf
 
Invoking: ARM v7 Print Size
arm-none-eabi-size adc_dma_cpu1.elf  |tee "adc_dma_cpu1.elf.size"
   text	   data	    bss	    dec	    hex	filename
  28076	   2728	  22584	  53388	   d08c	adc_dma_cpu1.elf
Finished building: adc_dma_cpu1.elf.size
 
14:18:41 **** Incremental Build of configuration Debug for project udp_send_cpu0 ****
make pre-build main-build 
a9-linaro-pre-build-step
 
Building file: ../src/udp_perf_client.c
Invoking: ARM v7 gcc compiler
arm-none-eabi-gcc -Wall -O0 -g3 -c -fmessage-length=0 -MT"src/udp_perf_client.o" -mcpu=cortex-a9 -mfpu=vfpv3 -mfloat-abi=hard -I../../udp_send_cpu0_bsp/ps7_cortexa9_0/include -MMD -MP -MF"src/udp_perf_client.d" -MT"src/udp_perf_client.o" -o "src/udp_perf_client.o" "../src/udp_perf_client.c"
Finished building: ../src/udp_perf_client.c
 
Building target: udp_send_cpu0.elf
Invoking: ARM v7 gcc linker
arm-none-eabi-gcc -mcpu=cortex-a9 -mfpu=vfpv3 -mfloat-abi=hard -Wl,-build-id=none -specs=Xilinx.spec -Wl,-T -Wl,../src/lscript.ld -L../../udp_send_cpu0_bsp/ps7_cortexa9_0/lib -o "udp_send_cpu0.elf"  ./src/main.o ./src/platform.o ./src/platform_zynq.o ./src/udp_perf_client.o   -Wl,--start-group,-lxil,-lgcc,-lc,--end-group -Wl,--start-group,-lxil,-llwip4,-lgcc,-lc,--end-group
Finished building target: udp_send_cpu0.elf
 
Invoking: ARM v7 Print Size
arm-none-eabi-size udp_send_cpu0.elf  |tee "udp_send_cpu0.elf.size"
   text	   data	    bss	    dec	    hex	filename
 106212	   3856	16898368	17008436	1038734	udp_send_cpu0.elf
Finished building: udp_send_cpu0.elf.size
 
14:18:55 **** Incremental Build of configuration Debug for project adc_dma_cpu1 ****
make pre-build main-build 
a9-linaro-pre-build-step
 
make: Nothing to be done for 'main-build'.
