14:18:41 **** Incremental Build of configuration Debug for project udp_send_cpu0 ****
make pre-build main-build 
a9-linaro-pre-build-step
 
Building file: ../src/udp_perf_client.c
Invoking: ARM v7 gcc compiler
arm-none-eabi-gcc -Wall -O0 -g3 -c -fmessage-length=0 -MT"src/udp_perf_client.o" -mcpu=cortex-a9 -mfpu=vfpv3 -mfloat-abi=hard -I../../udp_send_cpu0_bsp/ps7_cortexa9_0/include -MMD -MP -MF"src/udp_perf_client.d" -MT"src/udp_perf_client.o" -o "src/udp_perf_client.o" "../src/udp_perf_client.c"
Finished building: ../src/udp_perf_client.c
 
Building target: udp_send_cpu0.elf
Invoking: ARM v7 gcc linker
arm-none-eabi-gcc -mcpu=cortex-a9 -mfpu=vfpv3 -mfloat-abi=hard -Wl,-build-id=none -specs=Xilinx.spec -Wl,-T -Wl,../src/lscript.ld -L../../udp_send_cpu0_bsp/ps7_cortexa9_0/lib -o "udp_send_cpu0.elf"  ./src/main.o ./src/platform.o ./src/platform_zynq.o ./src/udp_perf_client.o   -Wl,--start-group,-lxil,-lgcc,-lc,--end-group -Wl,--start-group,-lxil,-llwip4,-lgcc,-lc,--end-group
Finished building target: udp_send_cpu0.elf
 
Invoking: ARM v7 Print Size
arm-none-eabi-size udp_send_cpu0.elf  |tee "udp_send_cpu0.elf.size"
   text	   data	    bss	    dec	    hex	filename
 106212	   3856	16898368	17008436	1038734	udp_send_cpu0.elf
Finished building: udp_send_cpu0.elf.size
 

14:18:43 Build Finished (took 1s.366ms)

